ask for help
ask for help
ask for help
ask for help
ask for help
ask for help
ask for help
ask for help
ask for help
ask for help
ask for help
ask for help
ask for help
ask for help
ask for help
ask for help
ask for help
ask for help
ask for help
ask for help
ask for help
ask for help
ask for help
ask for help
ask for help
ask for help
ask for help
back
ask for help
ask for help
ask for help
back
ask for help
back
back
ask for help
back
ask for help
ask for help
back
ask for help
ask for help
back
ask for help
back
ask for help
back
ask for help
ask for help
ask for help
back
back
ask for help
back
back
back
back
ask for help
back
back
back
back
ask for help
ask for help
back
back
back
back
back
ask for help
back
back
back
back
back
back
back
back
back
back
back
back
back
back
ask for help
back
back
back
back
back
back
back
back
back
back
back
ask for help
back
back
back
back
ask for help
back
back
back
back
back
back
back
back
back
back
back
back
ask for help
back
back
back
back
back
back
back
back
come on
back
back
back
back
back
back
back
back
back
back
back
back
back
back
back
back
back
ask for help
back
ask for help
back
back
back
back
back
ask for help
back
back
back
back
back
back
back
back
back
back
back
back
back
back
back
back
back
back
back
back
back
back
back
back
ask for help
ask for help
back
back
back
back
ask for help
back
back
back
come on
back
back
back
back
back
back
back
back
back
back
back
come on
back
back
back
back
back
back
ask for help
back
back
ask for help
back
back
ask for help
back
back
back
back
come on
back
back
back
back
back
ask for help
back
back
back
back
back
ask for help
back
back
back
back
back
back
back
back
ask for help
back
back
back
back
back
back
back
back
back
back
back
back
back
ask for help
back
back
back
back
back
back
back
back
back
back
back
come on
back
back
back
back
back
back
back
back
ask for help
back
back
ask for help
back
back
back
back
back
back
back
back
back
back
back
back
back
back
back
ask for help
back
ask for help
back
back
back
back
back
back
back
back
back
back
back
back
back
back
ask for help
back
back
back
back
back
back
back
back
back
back
back
back
back
back
back
back
back
come on
back
back
back
back
back
back
back
back
back
back
back
back
back
back
come on
back
back
back
back
back
back
back
back
back
back
back
back
back
back
back
back
back
ask for help
back
back
back
back
back
back
back
back
back
back
back
back
back
back
back
back
back
back
back
back
back
back
ask for help
back
back
back
back
back
back
back
back
come on
back
back
ask for help
back
back
back
back
come on
back
back
back
back
back
back
back
back
back
back
back
back
back
back
back
back
back
back
back
back
back
back
back
back
back
back
back
back
back
back
back
back
back
back
back
back
back
back
back
back
back
ask for help
back
back
back
back
back
back
back
back
back
back
back
back
back
back
back
back
back
back
back
back
back
back
back
back
back
back
back
back
back
back
back
back
back
back
back
back
back
back
ask for help
back
back
back
back
back
back
back
back
back
back
back
back
back
back
back
back
back
back
back
back
back
back
back
back
back
back
back
come on
come on
back
back
back
back
back
back
back
back
back
back
back
back
back
back
back
back
back
back
back
back
back
back
ask for help
back
back
back
ask for help
back
back
back
back
back
back
back
back
back
back
back
back
back
back
back
back
back
back
back
back
back
back
back
back
ask for help
back
back
back
back
back
ask for help
back
back
back
back
back
back
back
back
come on
back
back
back
back
back
back
back
back
back
ask for help
back
back
back
back
back
back
back
back
back
back
back
back
back
back
back
back
back
back
back
back
back
back
back
back
back
back
back
back
back
back
back
back
back
back
back
back
back
back
back
back
back
back
back
back
come on
back
back
back
back
